// Jest Snapshot v1, https://goo.gl/fbAQLP

exports[`SignUp should match the snapshot 1`] = `
ShallowWrapper {
  "length": 1,
  Symbol(enzyme.__root__): [Circular],
  Symbol(enzyme.__unrendered__): <SignUp />,
  Symbol(enzyme.__renderer__): Object {
    "batchedUpdates": [Function],
    "getNode": [Function],
    "render": [Function],
    "simulateEvent": [Function],
    "unmount": [Function],
  },
  Symbol(enzyme.__node__): Object {
    "instance": null,
    "key": undefined,
    "nodeType": "host",
    "props": Object {
      "children": Array [
        <input
          aria-label="name"
          name="name"
          onChange={[Function]}
          placeholder="enter name"
          type="text"
          value=""
/>,
        <input
          aria-label="email"
          name="email"
          onChange={[Function]}
          placeholder="enter email"
          type="email"
          value=""
/>,
        <input
          aria-label="password"
          name="password"
          onChange={[Function]}
          placeholder="password"
          type="password"
          value=""
/>,
        <button
          type="submit"
>
          Enter
</button>,
      ],
      "onSubmit": [Function],
    },
    "ref": null,
    "rendered": Array [
      Object {
        "instance": null,
        "key": undefined,
        "nodeType": "host",
        "props": Object {
          "aria-label": "name",
          "name": "name",
          "onChange": [Function],
          "placeholder": "enter name",
          "type": "text",
          "value": "",
        },
        "ref": null,
        "rendered": null,
        "type": "input",
      },
      Object {
        "instance": null,
        "key": undefined,
        "nodeType": "host",
        "props": Object {
          "aria-label": "email",
          "name": "email",
          "onChange": [Function],
          "placeholder": "enter email",
          "type": "email",
          "value": "",
        },
        "ref": null,
        "rendered": null,
        "type": "input",
      },
      Object {
        "instance": null,
        "key": undefined,
        "nodeType": "host",
        "props": Object {
          "aria-label": "password",
          "name": "password",
          "onChange": [Function],
          "placeholder": "password",
          "type": "password",
          "value": "",
        },
        "ref": null,
        "rendered": null,
        "type": "input",
      },
      Object {
        "instance": null,
        "key": undefined,
        "nodeType": "host",
        "props": Object {
          "children": "Enter",
          "type": "submit",
        },
        "ref": null,
        "rendered": "Enter",
        "type": "button",
      },
    ],
    "type": "form",
  },
  Symbol(enzyme.__nodes__): Array [
    Object {
      "instance": null,
      "key": undefined,
      "nodeType": "host",
      "props": Object {
        "children": Array [
          <input
            aria-label="name"
            name="name"
            onChange={[Function]}
            placeholder="enter name"
            type="text"
            value=""
/>,
          <input
            aria-label="email"
            name="email"
            onChange={[Function]}
            placeholder="enter email"
            type="email"
            value=""
/>,
          <input
            aria-label="password"
            name="password"
            onChange={[Function]}
            placeholder="password"
            type="password"
            value=""
/>,
          <button
            type="submit"
>
            Enter
</button>,
        ],
        "onSubmit": [Function],
      },
      "ref": null,
      "rendered": Array [
        Object {
          "instance": null,
          "key": undefined,
          "nodeType": "host",
          "props": Object {
            "aria-label": "name",
            "name": "name",
            "onChange": [Function],
            "placeholder": "enter name",
            "type": "text",
            "value": "",
          },
          "ref": null,
          "rendered": null,
          "type": "input",
        },
        Object {
          "instance": null,
          "key": undefined,
          "nodeType": "host",
          "props": Object {
            "aria-label": "email",
            "name": "email",
            "onChange": [Function],
            "placeholder": "enter email",
            "type": "email",
            "value": "",
          },
          "ref": null,
          "rendered": null,
          "type": "input",
        },
        Object {
          "instance": null,
          "key": undefined,
          "nodeType": "host",
          "props": Object {
            "aria-label": "password",
            "name": "password",
            "onChange": [Function],
            "placeholder": "password",
            "type": "password",
            "value": "",
          },
          "ref": null,
          "rendered": null,
          "type": "input",
        },
        Object {
          "instance": null,
          "key": undefined,
          "nodeType": "host",
          "props": Object {
            "children": "Enter",
            "type": "submit",
          },
          "ref": null,
          "rendered": "Enter",
          "type": "button",
        },
      ],
      "type": "form",
    },
  ],
  Symbol(enzyme.__options__): Object {
    "adapter": ReactSixteenAdapter {
      "options": Object {
        "enableComponentDidUpdateOnSetState": true,
      },
    },
  },
}
`;
