// Jest Snapshot v1, https://goo.gl/fbAQLP

exports[`App should match snapshot 1`] = `
ShallowWrapper {
  "length": 1,
  Symbol(enzyme.__root__): [Circular],
  Symbol(enzyme.__unrendered__): <App
    captureUser={[Function]}
    changeLogStatus={[Function]}
    loadCards={[Function]}
    logOutUser={[Function]}
    user={Object {}}
/>,
  Symbol(enzyme.__renderer__): Object {
    "batchedUpdates": [Function],
    "getNode": [Function],
    "render": [Function],
    "simulateEvent": [Function],
    "unmount": [Function],
  },
  Symbol(enzyme.__node__): Object {
    "instance": null,
    "key": undefined,
    "nodeType": "host",
    "props": Object {
      "children": Array [
        <header
          className="App-header"
>
          <h1
                    className="App-title"
          >
                    Welcome to Movie Tracker
          </h1>
          <NavLink
                    activeClassName="active"
                    ariaCurrent="true"
                    to="/"
          >
                    Home
          </NavLink>
          <div>
                    <NavLink
                              activeClassName="active"
                              ariaCurrent="true"
                              to="/forms/signup"
                    >
                              Sign Up
                    </NavLink>
                    <NavLink
                              activeClassName="active"
                              ariaCurrent="true"
                              to="/forms/login"
                    >
                              Log In
                    </NavLink>
          </div>
</header>,
        <Switch>
          <Route
                    exact={true}
                    path="/"
                    render={[Function]}
          />
          <Route
                    path="/forms/:id"
                    render={[Function]}
          />
          <Route
                    exact={true}
                    path="/favorites"
                    render={[Function]}
          />
</Switch>,
      ],
      "className": "App",
    },
    "ref": null,
    "rendered": Array [
      Object {
        "instance": null,
        "key": undefined,
        "nodeType": "host",
        "props": Object {
          "children": Array [
            <h1
              className="App-title"
>
              Welcome to Movie Tracker
</h1>,
            <NavLink
              activeClassName="active"
              ariaCurrent="true"
              to="/"
>
              Home
</NavLink>,
            <div>
              <NavLink
                            activeClassName="active"
                            ariaCurrent="true"
                            to="/forms/signup"
              >
                            Sign Up
              </NavLink>
              <NavLink
                            activeClassName="active"
                            ariaCurrent="true"
                            to="/forms/login"
              >
                            Log In
              </NavLink>
</div>,
          ],
          "className": "App-header",
        },
        "ref": null,
        "rendered": Array [
          Object {
            "instance": null,
            "key": undefined,
            "nodeType": "host",
            "props": Object {
              "children": "Welcome to Movie Tracker",
              "className": "App-title",
            },
            "ref": null,
            "rendered": "Welcome to Movie Tracker",
            "type": "h1",
          },
          Object {
            "instance": null,
            "key": undefined,
            "nodeType": "function",
            "props": Object {
              "activeClassName": "active",
              "ariaCurrent": "true",
              "children": "Home",
              "to": "/",
            },
            "ref": null,
            "rendered": "Home",
            "type": [Function],
          },
          Object {
            "instance": null,
            "key": undefined,
            "nodeType": "host",
            "props": Object {
              "children": Array [
                <NavLink
                  activeClassName="active"
                  ariaCurrent="true"
                  to="/forms/signup"
>
                  Sign Up
</NavLink>,
                <NavLink
                  activeClassName="active"
                  ariaCurrent="true"
                  to="/forms/login"
>
                  Log In
</NavLink>,
              ],
            },
            "ref": null,
            "rendered": Array [
              Object {
                "instance": null,
                "key": undefined,
                "nodeType": "function",
                "props": Object {
                  "activeClassName": "active",
                  "ariaCurrent": "true",
                  "children": "Sign Up",
                  "to": "/forms/signup",
                },
                "ref": null,
                "rendered": "Sign Up",
                "type": [Function],
              },
              Object {
                "instance": null,
                "key": undefined,
                "nodeType": "function",
                "props": Object {
                  "activeClassName": "active",
                  "ariaCurrent": "true",
                  "children": "Log In",
                  "to": "/forms/login",
                },
                "ref": null,
                "rendered": "Log In",
                "type": [Function],
              },
            ],
            "type": "div",
          },
        ],
        "type": "header",
      },
      Object {
        "instance": null,
        "key": undefined,
        "nodeType": "class",
        "props": Object {
          "children": Array [
            <Route
              exact={true}
              path="/"
              render={[Function]}
/>,
            <Route
              path="/forms/:id"
              render={[Function]}
/>,
            <Route
              exact={true}
              path="/favorites"
              render={[Function]}
/>,
          ],
        },
        "ref": null,
        "rendered": Array [
          Object {
            "instance": null,
            "key": undefined,
            "nodeType": "class",
            "props": Object {
              "exact": true,
              "path": "/",
              "render": [Function],
            },
            "ref": null,
            "rendered": null,
            "type": [Function],
          },
          Object {
            "instance": null,
            "key": undefined,
            "nodeType": "class",
            "props": Object {
              "path": "/forms/:id",
              "render": [Function],
            },
            "ref": null,
            "rendered": null,
            "type": [Function],
          },
          Object {
            "instance": null,
            "key": undefined,
            "nodeType": "class",
            "props": Object {
              "exact": true,
              "path": "/favorites",
              "render": [Function],
            },
            "ref": null,
            "rendered": null,
            "type": [Function],
          },
        ],
        "type": [Function],
      },
    ],
    "type": "div",
  },
  Symbol(enzyme.__nodes__): Array [
    Object {
      "instance": null,
      "key": undefined,
      "nodeType": "host",
      "props": Object {
        "children": Array [
          <header
            className="App-header"
>
            <h1
                        className="App-title"
            >
                        Welcome to Movie Tracker
            </h1>
            <NavLink
                        activeClassName="active"
                        ariaCurrent="true"
                        to="/"
            >
                        Home
            </NavLink>
            <div>
                        <NavLink
                                    activeClassName="active"
                                    ariaCurrent="true"
                                    to="/forms/signup"
                        >
                                    Sign Up
                        </NavLink>
                        <NavLink
                                    activeClassName="active"
                                    ariaCurrent="true"
                                    to="/forms/login"
                        >
                                    Log In
                        </NavLink>
            </div>
</header>,
          <Switch>
            <Route
                        exact={true}
                        path="/"
                        render={[Function]}
            />
            <Route
                        path="/forms/:id"
                        render={[Function]}
            />
            <Route
                        exact={true}
                        path="/favorites"
                        render={[Function]}
            />
</Switch>,
        ],
        "className": "App",
      },
      "ref": null,
      "rendered": Array [
        Object {
          "instance": null,
          "key": undefined,
          "nodeType": "host",
          "props": Object {
            "children": Array [
              <h1
                className="App-title"
>
                Welcome to Movie Tracker
</h1>,
              <NavLink
                activeClassName="active"
                ariaCurrent="true"
                to="/"
>
                Home
</NavLink>,
              <div>
                <NavLink
                                activeClassName="active"
                                ariaCurrent="true"
                                to="/forms/signup"
                >
                                Sign Up
                </NavLink>
                <NavLink
                                activeClassName="active"
                                ariaCurrent="true"
                                to="/forms/login"
                >
                                Log In
                </NavLink>
</div>,
            ],
            "className": "App-header",
          },
          "ref": null,
          "rendered": Array [
            Object {
              "instance": null,
              "key": undefined,
              "nodeType": "host",
              "props": Object {
                "children": "Welcome to Movie Tracker",
                "className": "App-title",
              },
              "ref": null,
              "rendered": "Welcome to Movie Tracker",
              "type": "h1",
            },
            Object {
              "instance": null,
              "key": undefined,
              "nodeType": "function",
              "props": Object {
                "activeClassName": "active",
                "ariaCurrent": "true",
                "children": "Home",
                "to": "/",
              },
              "ref": null,
              "rendered": "Home",
              "type": [Function],
            },
            Object {
              "instance": null,
              "key": undefined,
              "nodeType": "host",
              "props": Object {
                "children": Array [
                  <NavLink
                    activeClassName="active"
                    ariaCurrent="true"
                    to="/forms/signup"
>
                    Sign Up
</NavLink>,
                  <NavLink
                    activeClassName="active"
                    ariaCurrent="true"
                    to="/forms/login"
>
                    Log In
</NavLink>,
                ],
              },
              "ref": null,
              "rendered": Array [
                Object {
                  "instance": null,
                  "key": undefined,
                  "nodeType": "function",
                  "props": Object {
                    "activeClassName": "active",
                    "ariaCurrent": "true",
                    "children": "Sign Up",
                    "to": "/forms/signup",
                  },
                  "ref": null,
                  "rendered": "Sign Up",
                  "type": [Function],
                },
                Object {
                  "instance": null,
                  "key": undefined,
                  "nodeType": "function",
                  "props": Object {
                    "activeClassName": "active",
                    "ariaCurrent": "true",
                    "children": "Log In",
                    "to": "/forms/login",
                  },
                  "ref": null,
                  "rendered": "Log In",
                  "type": [Function],
                },
              ],
              "type": "div",
            },
          ],
          "type": "header",
        },
        Object {
          "instance": null,
          "key": undefined,
          "nodeType": "class",
          "props": Object {
            "children": Array [
              <Route
                exact={true}
                path="/"
                render={[Function]}
/>,
              <Route
                path="/forms/:id"
                render={[Function]}
/>,
              <Route
                exact={true}
                path="/favorites"
                render={[Function]}
/>,
            ],
          },
          "ref": null,
          "rendered": Array [
            Object {
              "instance": null,
              "key": undefined,
              "nodeType": "class",
              "props": Object {
                "exact": true,
                "path": "/",
                "render": [Function],
              },
              "ref": null,
              "rendered": null,
              "type": [Function],
            },
            Object {
              "instance": null,
              "key": undefined,
              "nodeType": "class",
              "props": Object {
                "path": "/forms/:id",
                "render": [Function],
              },
              "ref": null,
              "rendered": null,
              "type": [Function],
            },
            Object {
              "instance": null,
              "key": undefined,
              "nodeType": "class",
              "props": Object {
                "exact": true,
                "path": "/favorites",
                "render": [Function],
              },
              "ref": null,
              "rendered": null,
              "type": [Function],
            },
          ],
          "type": [Function],
        },
      ],
      "type": "div",
    },
  ],
  Symbol(enzyme.__options__): Object {
    "adapter": ReactSixteenAdapter {
      "options": Object {
        "enableComponentDidUpdateOnSetState": true,
      },
    },
    "disableLifecycleMethods": true,
  },
}
`;
